[  165852ms] [LOG] JQMIGRATE: Migrate is installed, version 3.4.1 @ https://sankoudesign.com/wp-includes/js/jquery/jquery-migrate.min.js?ver=3.4.1:1
[  166060ms] [WARNING] [menu2] 要素が見つかりません @ https://sankoudesign.com/wp-content/themes/clip/js/custom.js?ver=202604082310:480
[  166061ms] [WARNING] [menu8] 要素が見つかりません @ https://sankoudesign.com/wp-content/themes/clip/js/custom.js?ver=202604082310:480
[  166061ms] [WARNING] [menu11] 要素が見つかりません @ https://sankoudesign.com/wp-content/themes/clip/js/custom.js?ver=202604082310:480
[  166959ms] [ERROR] Attestation check for Shared Storage on https://www.googleadservices.com failed. @ https://www.googleadservices.com/pagead/managed/js/activeview/current/reach_worklet.html:0
[  166966ms] [ERROR] Attestation check for Shared Storage on https://www.googleadservices.com failed. @ https://www.googleadservices.com/pagead/managed/js/activeview/current/reach_worklet.html:0
[  169877ms] TypeError: Cannot read properties of undefined (reading 'addClass')
    at https://sankoudesign.com/wp-content/themes/clip/js/custom.js?ver=202604082310:419:23
    at dispatch (https://sankoudesign.com/wp-content/themes/clip/js/jquery.min.js:3:4351)
    at i (https://sankoudesign.com/wp-content/themes/clip/js/jquery.min.js:3:328)
[  169888ms] TypeError: Cannot read properties of undefined (reading 'addClass')
    at https://sankoudesign.com/wp-content/themes/clip/js/custom.js?ver=202604082310:419:23
    at dispatch (https://sankoudesign.com/wp-content/themes/clip/js/jquery.min.js:3:4351)
    at i (https://sankoudesign.com/wp-content/themes/clip/js/jquery.min.js:3:328)
[  169905ms] TypeError: Cannot read properties of undefined (reading 'addClass')
    at https://sankoudesign.com/wp-content/themes/clip/js/custom.js?ver=202604082310:419:23
    at dispatch (https://sankoudesign.com/wp-content/themes/clip/js/jquery.min.js:3:4351)
    at i (https://sankoudesign.com/wp-content/themes/clip/js/jquery.min.js:3:328)
[  169922ms] TypeError: Cannot read properties of undefined (reading 'addClass')
    at https://sankoudesign.com/wp-content/themes/clip/js/custom.js?ver=202604082310:419:23
    at dispatch (https://sankoudesign.com/wp-content/themes/clip/js/jquery.min.js:3:4351)
    at i (https://sankoudesign.com/wp-content/themes/clip/js/jquery.min.js:3:328)
[  169939ms] TypeError: Cannot read properties of undefined (reading 'addClass')
    at https://sankoudesign.com/wp-content/themes/clip/js/custom.js?ver=202604082310:419:23
    at dispatch (https://sankoudesign.com/wp-content/themes/clip/js/jquery.min.js:3:4351)
    at i (https://sankoudesign.com/wp-content/themes/clip/js/jquery.min.js:3:328)
[  169956ms] TypeError: Cannot read properties of undefined (reading 'addClass')
    at https://sankoudesign.com/wp-content/themes/clip/js/custom.js?ver=202604082310:419:23
    at dispatch (https://sankoudesign.com/wp-content/themes/clip/js/jquery.min.js:3:4351)
    at i (https://sankoudesign.com/wp-content/themes/clip/js/jquery.min.js:3:328)
[  169972ms] TypeError: Cannot read properties of undefined (reading 'addClass')
    at https://sankoudesign.com/wp-content/themes/clip/js/custom.js?ver=202604082310:419:23
    at dispatch (https://sankoudesign.com/wp-content/themes/clip/js/jquery.min.js:3:4351)
    at i (https://sankoudesign.com/wp-content/themes/clip/js/jquery.min.js:3:328)
[  169989ms] TypeError: Cannot read properties of undefined (reading 'addClass')
    at https://sankoudesign.com/wp-content/themes/clip/js/custom.js?ver=202604082310:419:23
    at dispatch (https://sankoudesign.com/wp-content/themes/clip/js/jquery.min.js:3:4351)
    at i (https://sankoudesign.com/wp-content/themes/clip/js/jquery.min.js:3:328)
[  170005ms] TypeError: Cannot read properties of undefined (reading 'addClass')
    at https://sankoudesign.com/wp-content/themes/clip/js/custom.js?ver=202604082310:419:23
    at dispatch (https://sankoudesign.com/wp-content/themes/clip/js/jquery.min.js:3:4351)
    at i (https://sankoudesign.com/wp-content/themes/clip/js/jquery.min.js:3:328)
[  170021ms] TypeError: Cannot read properties of undefined (reading 'addClass')
    at https://sankoudesign.com/wp-content/themes/clip/js/custom.js?ver=202604082310:419:23
    at dispatch (https://sankoudesign.com/wp-content/themes/clip/js/jquery.min.js:3:4351)
    at i (https://sankoudesign.com/wp-content/themes/clip/js/jquery.min.js:3:328)
[  170038ms] TypeError: Cannot read properties of undefined (reading 'addClass')
    at https://sankoudesign.com/wp-content/themes/clip/js/custom.js?ver=202604082310:419:23
    at dispatch (https://sankoudesign.com/wp-content/themes/clip/js/jquery.min.js:3:4351)
    at i (https://sankoudesign.com/wp-content/themes/clip/js/jquery.min.js:3:328)
[  170055ms] TypeError: Cannot read properties of undefined (reading 'addClass')
    at https://sankoudesign.com/wp-content/themes/clip/js/custom.js?ver=202604082310:419:23
    at dispatch (https://sankoudesign.com/wp-content/themes/clip/js/jquery.min.js:3:4351)
    at i (https://sankoudesign.com/wp-content/themes/clip/js/jquery.min.js:3:328)
[  170071ms] TypeError: Cannot read properties of undefined (reading 'addClass')
    at https://sankoudesign.com/wp-content/themes/clip/js/custom.js?ver=202604082310:419:23
    at dispatch (https://sankoudesign.com/wp-content/themes/clip/js/jquery.min.js:3:4351)
    at i (https://sankoudesign.com/wp-content/themes/clip/js/jquery.min.js:3:328)
[  170088ms] TypeError: Cannot read properties of undefined (reading 'addClass')
    at https://sankoudesign.com/wp-content/themes/clip/js/custom.js?ver=202604082310:419:23
    at dispatch (https://sankoudesign.com/wp-content/themes/clip/js/jquery.min.js:3:4351)
    at i (https://sankoudesign.com/wp-content/themes/clip/js/jquery.min.js:3:328)
[  170105ms] TypeError: Cannot read properties of undefined (reading 'addClass')
    at https://sankoudesign.com/wp-content/themes/clip/js/custom.js?ver=202604082310:419:23
    at dispatch (https://sankoudesign.com/wp-content/themes/clip/js/jquery.min.js:3:4351)
    at i (https://sankoudesign.com/wp-content/themes/clip/js/jquery.min.js:3:328)
[  170121ms] TypeError: Cannot read properties of undefined (reading 'addClass')
    at https://sankoudesign.com/wp-content/themes/clip/js/custom.js?ver=202604082310:419:23
    at dispatch (https://sankoudesign.com/wp-content/themes/clip/js/jquery.min.js:3:4351)
    at i (https://sankoudesign.com/wp-content/themes/clip/js/jquery.min.js:3:328)
[  170138ms] TypeError: Cannot read properties of undefined (reading 'addClass')
    at https://sankoudesign.com/wp-content/themes/clip/js/custom.js?ver=202604082310:419:23
    at dispatch (https://sankoudesign.com/wp-content/themes/clip/js/jquery.min.js:3:4351)
    at i (https://sankoudesign.com/wp-content/themes/clip/js/jquery.min.js:3:328)
[  170355ms] TypeError: Cannot read properties of undefined (reading 'addClass')
    at https://sankoudesign.com/wp-content/themes/clip/js/custom.js?ver=202604082310:419:23
    at dispatch (https://sankoudesign.com/wp-content/themes/clip/js/jquery.min.js:3:4351)
    at i (https://sankoudesign.com/wp-content/themes/clip/js/jquery.min.js:3:328)
[  178884ms] TypeError: Cannot read properties of undefined (reading 'addClass')
    at https://sankoudesign.com/wp-content/themes/clip/js/custom.js?ver=202604082310:419:23
    at dispatch (https://sankoudesign.com/wp-content/themes/clip/js/jquery.min.js:3:4351)
    at i (https://sankoudesign.com/wp-content/themes/clip/js/jquery.min.js:3:328)
[  179331ms] TypeError: Cannot read properties of undefined (reading 'addClass')
    at https://sankoudesign.com/wp-content/themes/clip/js/custom.js?ver=202604082310:419:23
    at dispatch (https://sankoudesign.com/wp-content/themes/clip/js/jquery.min.js:3:4351)
    at i (https://sankoudesign.com/wp-content/themes/clip/js/jquery.min.js:3:328)
[  179990ms] TypeError: Cannot read properties of undefined (reading 'addClass')
    at https://sankoudesign.com/wp-content/themes/clip/js/custom.js?ver=202604082310:419:23
    at dispatch (https://sankoudesign.com/wp-content/themes/clip/js/jquery.min.js:3:4351)
    at i (https://sankoudesign.com/wp-content/themes/clip/js/jquery.min.js:3:328)
[  180005ms] TypeError: Cannot read properties of undefined (reading 'addClass')
    at https://sankoudesign.com/wp-content/themes/clip/js/custom.js?ver=202604082310:419:23
    at dispatch (https://sankoudesign.com/wp-content/themes/clip/js/jquery.min.js:3:4351)
    at i (https://sankoudesign.com/wp-content/themes/clip/js/jquery.min.js:3:328)
[  180024ms] TypeError: Cannot read properties of undefined (reading 'addClass')
    at https://sankoudesign.com/wp-content/themes/clip/js/custom.js?ver=202604082310:419:23
    at dispatch (https://sankoudesign.com/wp-content/themes/clip/js/jquery.min.js:3:4351)
    at i (https://sankoudesign.com/wp-content/themes/clip/js/jquery.min.js:3:328)
[  180039ms] TypeError: Cannot read properties of undefined (reading 'addClass')
    at https://sankoudesign.com/wp-content/themes/clip/js/custom.js?ver=202604082310:419:23
    at dispatch (https://sankoudesign.com/wp-content/themes/clip/js/jquery.min.js:3:4351)
    at i (https://sankoudesign.com/wp-content/themes/clip/js/jquery.min.js:3:328)
[  180058ms] TypeError: Cannot read properties of undefined (reading 'addClass')
    at https://sankoudesign.com/wp-content/themes/clip/js/custom.js?ver=202604082310:419:23
    at dispatch (https://sankoudesign.com/wp-content/themes/clip/js/jquery.min.js:3:4351)
    at i (https://sankoudesign.com/wp-content/themes/clip/js/jquery.min.js:3:328)
[  180071ms] TypeError: Cannot read properties of undefined (reading 'addClass')
    at https://sankoudesign.com/wp-content/themes/clip/js/custom.js?ver=202604082310:419:23
    at dispatch (https://sankoudesign.com/wp-content/themes/clip/js/jquery.min.js:3:4351)
    at i (https://sankoudesign.com/wp-content/themes/clip/js/jquery.min.js:3:328)
[  180088ms] TypeError: Cannot read properties of undefined (reading 'addClass')
    at https://sankoudesign.com/wp-content/themes/clip/js/custom.js?ver=202604082310:419:23
    at dispatch (https://sankoudesign.com/wp-content/themes/clip/js/jquery.min.js:3:4351)
    at i (https://sankoudesign.com/wp-content/themes/clip/js/jquery.min.js:3:328)
[  180105ms] TypeError: Cannot read properties of undefined (reading 'addClass')
    at https://sankoudesign.com/wp-content/themes/clip/js/custom.js?ver=202604082310:419:23
    at dispatch (https://sankoudesign.com/wp-content/themes/clip/js/jquery.min.js:3:4351)
    at i (https://sankoudesign.com/wp-content/themes/clip/js/jquery.min.js:3:328)
[  180121ms] TypeError: Cannot read properties of undefined (reading 'addClass')
    at https://sankoudesign.com/wp-content/themes/clip/js/custom.js?ver=202604082310:419:23
    at dispatch (https://sankoudesign.com/wp-content/themes/clip/js/jquery.min.js:3:4351)
    at i (https://sankoudesign.com/wp-content/themes/clip/js/jquery.min.js:3:328)
[  180138ms] TypeError: Cannot read properties of undefined (reading 'addClass')
    at https://sankoudesign.com/wp-content/themes/clip/js/custom.js?ver=202604082310:419:23
    at dispatch (https://sankoudesign.com/wp-content/themes/clip/js/jquery.min.js:3:4351)
    at i (https://sankoudesign.com/wp-content/themes/clip/js/jquery.min.js:3:328)
[  180156ms] TypeError: Cannot read properties of undefined (reading 'addClass')
    at https://sankoudesign.com/wp-content/themes/clip/js/custom.js?ver=202604082310:419:23
    at dispatch (https://sankoudesign.com/wp-content/themes/clip/js/jquery.min.js:3:4351)
    at i (https://sankoudesign.com/wp-content/themes/clip/js/jquery.min.js:3:328)
[  180188ms] TypeError: Cannot read properties of undefined (reading 'addClass')
    at https://sankoudesign.com/wp-content/themes/clip/js/custom.js?ver=202604082310:419:23
    at dispatch (https://sankoudesign.com/wp-content/themes/clip/js/jquery.min.js:3:4351)
    at i (https://sankoudesign.com/wp-content/themes/clip/js/jquery.min.js:3:328)
[  180205ms] TypeError: Cannot read properties of undefined (reading 'addClass')
    at https://sankoudesign.com/wp-content/themes/clip/js/custom.js?ver=202604082310:419:23
    at dispatch (https://sankoudesign.com/wp-content/themes/clip/js/jquery.min.js:3:4351)
    at i (https://sankoudesign.com/wp-content/themes/clip/js/jquery.min.js:3:328)
[  181121ms] TypeError: Cannot read properties of undefined (reading 'addClass')
    at https://sankoudesign.com/wp-content/themes/clip/js/custom.js?ver=202604082310:419:23
    at dispatch (https://sankoudesign.com/wp-content/themes/clip/js/jquery.min.js:3:4351)
    at i (https://sankoudesign.com/wp-content/themes/clip/js/jquery.min.js:3:328)
[  181138ms] TypeError: Cannot read properties of undefined (reading 'addClass')
    at https://sankoudesign.com/wp-content/themes/clip/js/custom.js?ver=202604082310:419:23
    at dispatch (https://sankoudesign.com/wp-content/themes/clip/js/jquery.min.js:3:4351)
    at i (https://sankoudesign.com/wp-content/themes/clip/js/jquery.min.js:3:328)
[  181155ms] TypeError: Cannot read properties of undefined (reading 'addClass')
    at https://sankoudesign.com/wp-content/themes/clip/js/custom.js?ver=202604082310:419:23
    at dispatch (https://sankoudesign.com/wp-content/themes/clip/js/jquery.min.js:3:4351)
    at i (https://sankoudesign.com/wp-content/themes/clip/js/jquery.min.js:3:328)
[  181172ms] TypeError: Cannot read properties of undefined (reading 'addClass')
    at https://sankoudesign.com/wp-content/themes/clip/js/custom.js?ver=202604082310:419:23
    at dispatch (https://sankoudesign.com/wp-content/themes/clip/js/jquery.min.js:3:4351)
    at i (https://sankoudesign.com/wp-content/themes/clip/js/jquery.min.js:3:328)
[  181188ms] TypeError: Cannot read properties of undefined (reading 'addClass')
    at https://sankoudesign.com/wp-content/themes/clip/js/custom.js?ver=202604082310:419:23
    at dispatch (https://sankoudesign.com/wp-content/themes/clip/js/jquery.min.js:3:4351)
    at i (https://sankoudesign.com/wp-content/themes/clip/js/jquery.min.js:3:328)
[  181205ms] TypeError: Cannot read properties of undefined (reading 'addClass')
    at https://sankoudesign.com/wp-content/themes/clip/js/custom.js?ver=202604082310:419:23
    at dispatch (https://sankoudesign.com/wp-content/themes/clip/js/jquery.min.js:3:4351)
    at i (https://sankoudesign.com/wp-content/themes/clip/js/jquery.min.js:3:328)
[  181223ms] TypeError: Cannot read properties of undefined (reading 'addClass')
    at https://sankoudesign.com/wp-content/themes/clip/js/custom.js?ver=202604082310:419:23
    at dispatch (https://sankoudesign.com/wp-content/themes/clip/js/jquery.min.js:3:4351)
    at i (https://sankoudesign.com/wp-content/themes/clip/js/jquery.min.js:3:328)
[  181238ms] TypeError: Cannot read properties of undefined (reading 'addClass')
    at https://sankoudesign.com/wp-content/themes/clip/js/custom.js?ver=202604082310:419:23
    at dispatch (https://sankoudesign.com/wp-content/themes/clip/js/jquery.min.js:3:4351)
    at i (https://sankoudesign.com/wp-content/themes/clip/js/jquery.min.js:3:328)
[  181255ms] TypeError: Cannot read properties of undefined (reading 'addClass')
    at https://sankoudesign.com/wp-content/themes/clip/js/custom.js?ver=202604082310:419:23
    at dispatch (https://sankoudesign.com/wp-content/themes/clip/js/jquery.min.js:3:4351)
    at i (https://sankoudesign.com/wp-content/themes/clip/js/jquery.min.js:3:328)
[  181271ms] TypeError: Cannot read properties of undefined (reading 'addClass')
    at https://sankoudesign.com/wp-content/themes/clip/js/custom.js?ver=202604082310:419:23
    at dispatch (https://sankoudesign.com/wp-content/themes/clip/js/jquery.min.js:3:4351)
    at i (https://sankoudesign.com/wp-content/themes/clip/js/jquery.min.js:3:328)
[  181288ms] TypeError: Cannot read properties of undefined (reading 'addClass')
    at https://sankoudesign.com/wp-content/themes/clip/js/custom.js?ver=202604082310:419:23
    at dispatch (https://sankoudesign.com/wp-content/themes/clip/js/jquery.min.js:3:4351)
    at i (https://sankoudesign.com/wp-content/themes/clip/js/jquery.min.js:3:328)
[  181304ms] TypeError: Cannot read properties of undefined (reading 'addClass')
    at https://sankoudesign.com/wp-content/themes/clip/js/custom.js?ver=202604082310:419:23
    at dispatch (https://sankoudesign.com/wp-content/themes/clip/js/jquery.min.js:3:4351)
    at i (https://sankoudesign.com/wp-content/themes/clip/js/jquery.min.js:3:328)
[  181321ms] TypeError: Cannot read properties of undefined (reading 'addClass')
    at https://sankoudesign.com/wp-content/themes/clip/js/custom.js?ver=202604082310:419:23
    at dispatch (https://sankoudesign.com/wp-content/themes/clip/js/jquery.min.js:3:4351)
    at i (https://sankoudesign.com/wp-content/themes/clip/js/jquery.min.js:3:328)
[  181338ms] TypeError: Cannot read properties of undefined (reading 'addClass')
    at https://sankoudesign.com/wp-content/themes/clip/js/custom.js?ver=202604082310:419:23
    at dispatch (https://sankoudesign.com/wp-content/themes/clip/js/jquery.min.js:3:4351)
    at i (https://sankoudesign.com/wp-content/themes/clip/js/jquery.min.js:3:328)
[  181354ms] TypeError: Cannot read properties of undefined (reading 'addClass')
    at https://sankoudesign.com/wp-content/themes/clip/js/custom.js?ver=202604082310:419:23
    at dispatch (https://sankoudesign.com/wp-content/themes/clip/js/jquery.min.js:3:4351)
    at i (https://sankoudesign.com/wp-content/themes/clip/js/jquery.min.js:3:328)
[  181371ms] TypeError: Cannot read properties of undefined (reading 'addClass')
    at https://sankoudesign.com/wp-content/themes/clip/js/custom.js?ver=202604082310:419:23
    at dispatch (https://sankoudesign.com/wp-content/themes/clip/js/jquery.min.js:3:4351)
    at i (https://sankoudesign.com/wp-content/themes/clip/js/jquery.min.js:3:328)
[  181388ms] TypeError: Cannot read properties of undefined (reading 'addClass')
    at https://sankoudesign.com/wp-content/themes/clip/js/custom.js?ver=202604082310:419:23
    at dispatch (https://sankoudesign.com/wp-content/themes/clip/js/jquery.min.js:3:4351)
    at i (https://sankoudesign.com/wp-content/themes/clip/js/jquery.min.js:3:328)
[  182350ms] TypeError: Cannot read properties of undefined (reading 'addClass')
    at https://sankoudesign.com/wp-content/themes/clip/js/custom.js?ver=202604082310:419:23
    at dispatch (https://sankoudesign.com/wp-content/themes/clip/js/jquery.min.js:3:4351)
    at i (https://sankoudesign.com/wp-content/themes/clip/js/jquery.min.js:3:328)
[  182372ms] TypeError: Cannot read properties of undefined (reading 'addClass')
    at https://sankoudesign.com/wp-content/themes/clip/js/custom.js?ver=202604082310:419:23
    at dispatch (https://sankoudesign.com/wp-content/themes/clip/js/jquery.min.js:3:4351)
    at i (https://sankoudesign.com/wp-content/themes/clip/js/jquery.min.js:3:328)
[  182389ms] TypeError: Cannot read properties of undefined (reading 'addClass')
    at https://sankoudesign.com/wp-content/themes/clip/js/custom.js?ver=202604082310:419:23
    at dispatch (https://sankoudesign.com/wp-content/themes/clip/js/jquery.min.js:3:4351)
    at i (https://sankoudesign.com/wp-content/themes/clip/js/jquery.min.js:3:328)
[  182405ms] TypeError: Cannot read properties of undefined (reading 'addClass')
    at https://sankoudesign.com/wp-content/themes/clip/js/custom.js?ver=202604082310:419:23
    at dispatch (https://sankoudesign.com/wp-content/themes/clip/js/jquery.min.js:3:4351)
    at i (https://sankoudesign.com/wp-content/themes/clip/js/jquery.min.js:3:328)
[  182422ms] TypeError: Cannot read properties of undefined (reading 'addClass')
    at https://sankoudesign.com/wp-content/themes/clip/js/custom.js?ver=202604082310:419:23
    at dispatch (https://sankoudesign.com/wp-content/themes/clip/js/jquery.min.js:3:4351)
    at i (https://sankoudesign.com/wp-content/themes/clip/js/jquery.min.js:3:328)
[  182439ms] TypeError: Cannot read properties of undefined (reading 'addClass')
    at https://sankoudesign.com/wp-content/themes/clip/js/custom.js?ver=202604082310:419:23
    at dispatch (https://sankoudesign.com/wp-content/themes/clip/js/jquery.min.js:3:4351)
    at i (https://sankoudesign.com/wp-content/themes/clip/js/jquery.min.js:3:328)
[  182456ms] TypeError: Cannot read properties of undefined (reading 'addClass')
    at https://sankoudesign.com/wp-content/themes/clip/js/custom.js?ver=202604082310:419:23
    at dispatch (https://sankoudesign.com/wp-content/themes/clip/js/jquery.min.js:3:4351)
    at i (https://sankoudesign.com/wp-content/themes/clip/js/jquery.min.js:3:328)
[  182473ms] TypeError: Cannot read properties of undefined (reading 'addClass')
    at https://sankoudesign.com/wp-content/themes/clip/js/custom.js?ver=202604082310:419:23
    at dispatch (https://sankoudesign.com/wp-content/themes/clip/js/jquery.min.js:3:4351)
    at i (https://sankoudesign.com/wp-content/themes/clip/js/jquery.min.js:3:328)
[  182489ms] TypeError: Cannot read properties of undefined (reading 'addClass')
    at https://sankoudesign.com/wp-content/themes/clip/js/custom.js?ver=202604082310:419:23
    at dispatch (https://sankoudesign.com/wp-content/themes/clip/js/jquery.min.js:3:4351)
    at i (https://sankoudesign.com/wp-content/themes/clip/js/jquery.min.js:3:328)
[  182505ms] TypeError: Cannot read properties of undefined (reading 'addClass')
    at https://sankoudesign.com/wp-content/themes/clip/js/custom.js?ver=202604082310:419:23
    at dispatch (https://sankoudesign.com/wp-content/themes/clip/js/jquery.min.js:3:4351)
    at i (https://sankoudesign.com/wp-content/themes/clip/js/jquery.min.js:3:328)
[  182522ms] TypeError: Cannot read properties of undefined (reading 'addClass')
    at https://sankoudesign.com/wp-content/themes/clip/js/custom.js?ver=202604082310:419:23
    at dispatch (https://sankoudesign.com/wp-content/themes/clip/js/jquery.min.js:3:4351)
    at i (https://sankoudesign.com/wp-content/themes/clip/js/jquery.min.js:3:328)
[  182538ms] TypeError: Cannot read properties of undefined (reading 'addClass')
    at https://sankoudesign.com/wp-content/themes/clip/js/custom.js?ver=202604082310:419:23
    at dispatch (https://sankoudesign.com/wp-content/themes/clip/js/jquery.min.js:3:4351)
    at i (https://sankoudesign.com/wp-content/themes/clip/js/jquery.min.js:3:328)
[  182556ms] TypeError: Cannot read properties of undefined (reading 'addClass')
    at https://sankoudesign.com/wp-content/themes/clip/js/custom.js?ver=202604082310:419:23
    at dispatch (https://sankoudesign.com/wp-content/themes/clip/js/jquery.min.js:3:4351)
    at i (https://sankoudesign.com/wp-content/themes/clip/js/jquery.min.js:3:328)
[  182572ms] TypeError: Cannot read properties of undefined (reading 'addClass')
    at https://sankoudesign.com/wp-content/themes/clip/js/custom.js?ver=202604082310:419:23
    at dispatch (https://sankoudesign.com/wp-content/themes/clip/js/jquery.min.js:3:4351)
    at i (https://sankoudesign.com/wp-content/themes/clip/js/jquery.min.js:3:328)
[  182590ms] TypeError: Cannot read properties of undefined (reading 'addClass')
    at https://sankoudesign.com/wp-content/themes/clip/js/custom.js?ver=202604082310:419:23
    at dispatch (https://sankoudesign.com/wp-content/themes/clip/js/jquery.min.js:3:4351)
    at i (https://sankoudesign.com/wp-content/themes/clip/js/jquery.min.js:3:328)
[  182607ms] TypeError: Cannot read properties of undefined (reading 'addClass')
    at https://sankoudesign.com/wp-content/themes/clip/js/custom.js?ver=202604082310:419:23
    at dispatch (https://sankoudesign.com/wp-content/themes/clip/js/jquery.min.js:3:4351)
    at i (https://sankoudesign.com/wp-content/themes/clip/js/jquery.min.js:3:328)
[  182622ms] TypeError: Cannot read properties of undefined (reading 'addClass')
    at https://sankoudesign.com/wp-content/themes/clip/js/custom.js?ver=202604082310:419:23
    at dispatch (https://sankoudesign.com/wp-content/themes/clip/js/jquery.min.js:3:4351)
    at i (https://sankoudesign.com/wp-content/themes/clip/js/jquery.min.js:3:328)
[  182912ms] TypeError: Cannot read properties of undefined (reading 'addClass')
    at https://sankoudesign.com/wp-content/themes/clip/js/custom.js?ver=202604082310:419:23
    at dispatch (https://sankoudesign.com/wp-content/themes/clip/js/jquery.min.js:3:4351)
    at i (https://sankoudesign.com/wp-content/themes/clip/js/jquery.min.js:3:328)
[  182922ms] TypeError: Cannot read properties of undefined (reading 'addClass')
    at https://sankoudesign.com/wp-content/themes/clip/js/custom.js?ver=202604082310:419:23
    at dispatch (https://sankoudesign.com/wp-content/themes/clip/js/jquery.min.js:3:4351)
    at i (https://sankoudesign.com/wp-content/themes/clip/js/jquery.min.js:3:328)
[  182938ms] TypeError: Cannot read properties of undefined (reading 'addClass')
    at https://sankoudesign.com/wp-content/themes/clip/js/custom.js?ver=202604082310:419:23
    at dispatch (https://sankoudesign.com/wp-content/themes/clip/js/jquery.min.js:3:4351)
    at i (https://sankoudesign.com/wp-content/themes/clip/js/jquery.min.js:3:328)
[  182956ms] TypeError: Cannot read properties of undefined (reading 'addClass')
    at https://sankoudesign.com/wp-content/themes/clip/js/custom.js?ver=202604082310:419:23
    at dispatch (https://sankoudesign.com/wp-content/themes/clip/js/jquery.min.js:3:4351)
    at i (https://sankoudesign.com/wp-content/themes/clip/js/jquery.min.js:3:328)
[  183101ms] TypeError: Cannot read properties of undefined (reading 'addClass')
    at https://sankoudesign.com/wp-content/themes/clip/js/custom.js?ver=202604082310:419:23
    at dispatch (https://sankoudesign.com/wp-content/themes/clip/js/jquery.min.js:3:4351)
    at i (https://sankoudesign.com/wp-content/themes/clip/js/jquery.min.js:3:328)
[  183101ms] TypeError: Cannot read properties of undefined (reading 'addClass')
    at https://sankoudesign.com/wp-content/themes/clip/js/custom.js?ver=202604082310:419:23
    at dispatch (https://sankoudesign.com/wp-content/themes/clip/js/jquery.min.js:3:4351)
    at i (https://sankoudesign.com/wp-content/themes/clip/js/jquery.min.js:3:328)
[  183102ms] TypeError: Cannot read properties of undefined (reading 'addClass')
    at https://sankoudesign.com/wp-content/themes/clip/js/custom.js?ver=202604082310:419:23
    at dispatch (https://sankoudesign.com/wp-content/themes/clip/js/jquery.min.js:3:4351)
    at i (https://sankoudesign.com/wp-content/themes/clip/js/jquery.min.js:3:328)
[  183107ms] TypeError: Cannot read properties of undefined (reading 'addClass')
    at https://sankoudesign.com/wp-content/themes/clip/js/custom.js?ver=202604082310:419:23
    at dispatch (https://sankoudesign.com/wp-content/themes/clip/js/jquery.min.js:3:4351)
    at i (https://sankoudesign.com/wp-content/themes/clip/js/jquery.min.js:3:328)
[  183123ms] TypeError: Cannot read properties of undefined (reading 'addClass')
    at https://sankoudesign.com/wp-content/themes/clip/js/custom.js?ver=202604082310:419:23
    at dispatch (https://sankoudesign.com/wp-content/themes/clip/js/jquery.min.js:3:4351)
    at i (https://sankoudesign.com/wp-content/themes/clip/js/jquery.min.js:3:328)
[  183138ms] TypeError: Cannot read properties of undefined (reading 'addClass')
    at https://sankoudesign.com/wp-content/themes/clip/js/custom.js?ver=202604082310:419:23
    at dispatch (https://sankoudesign.com/wp-content/themes/clip/js/jquery.min.js:3:4351)
    at i (https://sankoudesign.com/wp-content/themes/clip/js/jquery.min.js:3:328)
[  183156ms] TypeError: Cannot read properties of undefined (reading 'addClass')
    at https://sankoudesign.com/wp-content/themes/clip/js/custom.js?ver=202604082310:419:23
    at dispatch (https://sankoudesign.com/wp-content/themes/clip/js/jquery.min.js:3:4351)
    at i (https://sankoudesign.com/wp-content/themes/clip/js/jquery.min.js:3:328)
[  183175ms] TypeError: Cannot read properties of undefined (reading 'addClass')
    at https://sankoudesign.com/wp-content/themes/clip/js/custom.js?ver=202604082310:419:23
    at dispatch (https://sankoudesign.com/wp-content/themes/clip/js/jquery.min.js:3:4351)
    at i (https://sankoudesign.com/wp-content/themes/clip/js/jquery.min.js:3:328)
[  183189ms] TypeError: Cannot read properties of undefined (reading 'addClass')
    at https://sankoudesign.com/wp-content/themes/clip/js/custom.js?ver=202604082310:419:23
    at dispatch (https://sankoudesign.com/wp-content/themes/clip/js/jquery.min.js:3:4351)
    at i (https://sankoudesign.com/wp-content/themes/clip/js/jquery.min.js:3:328)
[  183205ms] TypeError: Cannot read properties of undefined (reading 'addClass')
    at https://sankoudesign.com/wp-content/themes/clip/js/custom.js?ver=202604082310:419:23
    at dispatch (https://sankoudesign.com/wp-content/themes/clip/js/jquery.min.js:3:4351)
    at i (https://sankoudesign.com/wp-content/themes/clip/js/jquery.min.js:3:328)
[  183522ms] TypeError: Cannot read properties of undefined (reading 'addClass')
    at https://sankoudesign.com/wp-content/themes/clip/js/custom.js?ver=202604082310:419:23
    at dispatch (https://sankoudesign.com/wp-content/themes/clip/js/jquery.min.js:3:4351)
    at i (https://sankoudesign.com/wp-content/themes/clip/js/jquery.min.js:3:328)
[  183538ms] TypeError: Cannot read properties of undefined (reading 'addClass')
    at https://sankoudesign.com/wp-content/themes/clip/js/custom.js?ver=202604082310:419:23
    at dispatch (https://sankoudesign.com/wp-content/themes/clip/js/jquery.min.js:3:4351)
    at i (https://sankoudesign.com/wp-content/themes/clip/js/jquery.min.js:3:328)
[  183555ms] TypeError: Cannot read properties of undefined (reading 'addClass')
    at https://sankoudesign.com/wp-content/themes/clip/js/custom.js?ver=202604082310:419:23
    at dispatch (https://sankoudesign.com/wp-content/themes/clip/js/jquery.min.js:3:4351)
    at i (https://sankoudesign.com/wp-content/themes/clip/js/jquery.min.js:3:328)
[  183572ms] TypeError: Cannot read properties of undefined (reading 'addClass')
    at https://sankoudesign.com/wp-content/themes/clip/js/custom.js?ver=202604082310:419:23
    at dispatch (https://sankoudesign.com/wp-content/themes/clip/js/jquery.min.js:3:4351)
    at i (https://sankoudesign.com/wp-content/themes/clip/js/jquery.min.js:3:328)
[  183589ms] TypeError: Cannot read properties of undefined (reading 'addClass')
    at https://sankoudesign.com/wp-content/themes/clip/js/custom.js?ver=202604082310:419:23
    at dispatch (https://sankoudesign.com/wp-content/themes/clip/js/jquery.min.js:3:4351)
    at i (https://sankoudesign.com/wp-content/themes/clip/js/jquery.min.js:3:328)
[  183606ms] TypeError: Cannot read properties of undefined (reading 'addClass')
    at https://sankoudesign.com/wp-content/themes/clip/js/custom.js?ver=202604082310:419:23
    at dispatch (https://sankoudesign.com/wp-content/themes/clip/js/jquery.min.js:3:4351)
    at i (https://sankoudesign.com/wp-content/themes/clip/js/jquery.min.js:3:328)
[  183622ms] TypeError: Cannot read properties of undefined (reading 'addClass')
    at https://sankoudesign.com/wp-content/themes/clip/js/custom.js?ver=202604082310:419:23
    at dispatch (https://sankoudesign.com/wp-content/themes/clip/js/jquery.min.js:3:4351)
    at i (https://sankoudesign.com/wp-content/themes/clip/js/jquery.min.js:3:328)
[  183639ms] TypeError: Cannot read properties of undefined (reading 'addClass')
    at https://sankoudesign.com/wp-content/themes/clip/js/custom.js?ver=202604082310:419:23
    at dispatch (https://sankoudesign.com/wp-content/themes/clip/js/jquery.min.js:3:4351)
    at i (https://sankoudesign.com/wp-content/themes/clip/js/jquery.min.js:3:328)
[  183655ms] TypeError: Cannot read properties of undefined (reading 'addClass')
    at https://sankoudesign.com/wp-content/themes/clip/js/custom.js?ver=202604082310:419:23
    at dispatch (https://sankoudesign.com/wp-content/themes/clip/js/jquery.min.js:3:4351)
    at i (https://sankoudesign.com/wp-content/themes/clip/js/jquery.min.js:3:328)
[  183671ms] TypeError: Cannot read properties of undefined (reading 'addClass')
    at https://sankoudesign.com/wp-content/themes/clip/js/custom.js?ver=202604082310:419:23
    at dispatch (https://sankoudesign.com/wp-content/themes/clip/js/jquery.min.js:3:4351)
    at i (https://sankoudesign.com/wp-content/themes/clip/js/jquery.min.js:3:328)
[  183691ms] TypeError: Cannot read properties of undefined (reading 'addClass')
    at https://sankoudesign.com/wp-content/themes/clip/js/custom.js?ver=202604082310:419:23
    at dispatch (https://sankoudesign.com/wp-content/themes/clip/js/jquery.min.js:3:4351)
    at i (https://sankoudesign.com/wp-content/themes/clip/js/jquery.min.js:3:328)
[  183706ms] TypeError: Cannot read properties of undefined (reading 'addClass')
    at https://sankoudesign.com/wp-content/themes/clip/js/custom.js?ver=202604082310:419:23
    at dispatch (https://sankoudesign.com/wp-content/themes/clip/js/jquery.min.js:3:4351)
    at i (https://sankoudesign.com/wp-content/themes/clip/js/jquery.min.js:3:328)
[  183722ms] TypeError: Cannot read properties of undefined (reading 'addClass')
    at https://sankoudesign.com/wp-content/themes/clip/js/custom.js?ver=202604082310:419:23
    at dispatch (https://sankoudesign.com/wp-content/themes/clip/js/jquery.min.js:3:4351)
    at i (https://sankoudesign.com/wp-content/themes/clip/js/jquery.min.js:3:328)
[  183738ms] TypeError: Cannot read properties of undefined (reading 'addClass')
    at https://sankoudesign.com/wp-content/themes/clip/js/custom.js?ver=202604082310:419:23
    at dispatch (https://sankoudesign.com/wp-content/themes/clip/js/jquery.min.js:3:4351)
    at i (https://sankoudesign.com/wp-content/themes/clip/js/jquery.min.js:3:328)
[  183772ms] TypeError: Cannot read properties of undefined (reading 'addClass')
    at https://sankoudesign.com/wp-content/themes/clip/js/custom.js?ver=202604082310:419:23
    at dispatch (https://sankoudesign.com/wp-content/themes/clip/js/jquery.min.js:3:4351)
    at i (https://sankoudesign.com/wp-content/themes/clip/js/jquery.min.js:3:328)
[  183821ms] TypeError: Cannot read properties of undefined (reading 'addClass')
    at https://sankoudesign.com/wp-content/themes/clip/js/custom.js?ver=202604082310:419:23
    at dispatch (https://sankoudesign.com/wp-content/themes/clip/js/jquery.min.js:3:4351)
    at i (https://sankoudesign.com/wp-content/themes/clip/js/jquery.min.js:3:328)
[  184245ms] TypeError: Cannot read properties of undefined (reading 'addClass')
    at https://sankoudesign.com/wp-content/themes/clip/js/custom.js?ver=202604082310:419:23
    at dispatch (https://sankoudesign.com/wp-content/themes/clip/js/jquery.min.js:3:4351)
    at i (https://sankoudesign.com/wp-content/themes/clip/js/jquery.min.js:3:328)
[  184256ms] TypeError: Cannot read properties of undefined (reading 'addClass')
    at https://sankoudesign.com/wp-content/themes/clip/js/custom.js?ver=202604082310:419:23
    at dispatch (https://sankoudesign.com/wp-content/themes/clip/js/jquery.min.js:3:4351)
    at i (https://sankoudesign.com/wp-content/themes/clip/js/jquery.min.js:3:328)
[  184272ms] TypeError: Cannot read properties of undefined (reading 'addClass')
    at https://sankoudesign.com/wp-content/themes/clip/js/custom.js?ver=202604082310:419:23
    at dispatch (https://sankoudesign.com/wp-content/themes/clip/js/jquery.min.js:3:4351)
    at i (https://sankoudesign.com/wp-content/themes/clip/js/jquery.min.js:3:328)
[  184289ms] TypeError: Cannot read properties of undefined (reading 'addClass')
    at https://sankoudesign.com/wp-content/themes/clip/js/custom.js?ver=202604082310:419:23
    at dispatch (https://sankoudesign.com/wp-content/themes/clip/js/jquery.min.js:3:4351)
    at i (https://sankoudesign.com/wp-content/themes/clip/js/jquery.min.js:3:328)
[  184305ms] TypeError: Cannot read properties of undefined (reading 'addClass')
    at https://sankoudesign.com/wp-content/themes/clip/js/custom.js?ver=202604082310:419:23
    at dispatch (https://sankoudesign.com/wp-content/themes/clip/js/jquery.min.js:3:4351)
    at i (https://sankoudesign.com/wp-content/themes/clip/js/jquery.min.js:3:328)
[  184321ms] TypeError: Cannot read properties of undefined (reading 'addClass')
    at https://sankoudesign.com/wp-content/themes/clip/js/custom.js?ver=202604082310:419:23
    at dispatch (https://sankoudesign.com/wp-content/themes/clip/js/jquery.min.js:3:4351)
    at i (https://sankoudesign.com/wp-content/themes/clip/js/jquery.min.js:3:328)
[  184339ms] TypeError: Cannot read properties of undefined (reading 'addClass')
    at https://sankoudesign.com/wp-content/themes/clip/js/custom.js?ver=202604082310:419:23
    at dispatch (https://sankoudesign.com/wp-content/themes/clip/js/jquery.min.js:3:4351)
    at i (https://sankoudesign.com/wp-content/themes/clip/js/jquery.min.js:3:328)
[  184355ms] TypeError: Cannot read properties of undefined (reading 'addClass')
    at https://sankoudesign.com/wp-content/themes/clip/js/custom.js?ver=202604082310:419:23
    at dispatch (https://sankoudesign.com/wp-content/themes/clip/js/jquery.min.js:3:4351)
    at i (https://sankoudesign.com/wp-content/themes/clip/js/jquery.min.js:3:328)
[  184371ms] TypeError: Cannot read properties of undefined (reading 'addClass')
    at https://sankoudesign.com/wp-content/themes/clip/js/custom.js?ver=202604082310:419:23
    at dispatch (https://sankoudesign.com/wp-content/themes/clip/js/jquery.min.js:3:4351)
    at i (https://sankoudesign.com/wp-content/themes/clip/js/jquery.min.js:3:328)
[  184388ms] TypeError: Cannot read properties of undefined (reading 'addClass')
    at https://sankoudesign.com/wp-content/themes/clip/js/custom.js?ver=202604082310:419:23
    at dispatch (https://sankoudesign.com/wp-content/themes/clip/js/jquery.min.js:3:4351)
    at i (https://sankoudesign.com/wp-content/themes/clip/js/jquery.min.js:3:328)
[  184404ms] TypeError: Cannot read properties of undefined (reading 'addClass')
    at https://sankoudesign.com/wp-content/themes/clip/js/custom.js?ver=202604082310:419:23
    at dispatch (https://sankoudesign.com/wp-content/themes/clip/js/jquery.min.js:3:4351)
    at i (https://sankoudesign.com/wp-content/themes/clip/js/jquery.min.js:3:328)
[  184421ms] TypeError: Cannot read properties of undefined (reading 'addClass')
    at https://sankoudesign.com/wp-content/themes/clip/js/custom.js?ver=202604082310:419:23
    at dispatch (https://sankoudesign.com/wp-content/themes/clip/js/jquery.min.js:3:4351)
    at i (https://sankoudesign.com/wp-content/themes/clip/js/jquery.min.js:3:328)
[  184455ms] TypeError: Cannot read properties of undefined (reading 'addClass')
    at https://sankoudesign.com/wp-content/themes/clip/js/custom.js?ver=202604082310:419:23
    at dispatch (https://sankoudesign.com/wp-content/themes/clip/js/jquery.min.js:3:4351)
    at i (https://sankoudesign.com/wp-content/themes/clip/js/jquery.min.js:3:328)
[  184471ms] TypeError: Cannot read properties of undefined (reading 'addClass')
    at https://sankoudesign.com/wp-content/themes/clip/js/custom.js?ver=202604082310:419:23
    at dispatch (https://sankoudesign.com/wp-content/themes/clip/js/jquery.min.js:3:4351)
    at i (https://sankoudesign.com/wp-content/themes/clip/js/jquery.min.js:3:328)
[  184538ms] TypeError: Cannot read properties of undefined (reading 'addClass')
    at https://sankoudesign.com/wp-content/themes/clip/js/custom.js?ver=202604082310:419:23
    at dispatch (https://sankoudesign.com/wp-content/themes/clip/js/jquery.min.js:3:4351)
    at i (https://sankoudesign.com/wp-content/themes/clip/js/jquery.min.js:3:328)
[  184889ms] TypeError: Cannot read properties of undefined (reading 'addClass')
    at https://sankoudesign.com/wp-content/themes/clip/js/custom.js?ver=202604082310:419:23
    at dispatch (https://sankoudesign.com/wp-content/themes/clip/js/jquery.min.js:3:4351)
    at i (https://sankoudesign.com/wp-content/themes/clip/js/jquery.min.js:3:328)
[  184905ms] TypeError: Cannot read properties of undefined (reading 'addClass')
    at https://sankoudesign.com/wp-content/themes/clip/js/custom.js?ver=202604082310:419:23
    at dispatch (https://sankoudesign.com/wp-content/themes/clip/js/jquery.min.js:3:4351)
    at i (https://sankoudesign.com/wp-content/themes/clip/js/jquery.min.js:3:328)
[  184922ms] TypeError: Cannot read properties of undefined (reading 'addClass')
    at https://sankoudesign.com/wp-content/themes/clip/js/custom.js?ver=202604082310:419:23
    at dispatch (https://sankoudesign.com/wp-content/themes/clip/js/jquery.min.js:3:4351)
    at i (https://sankoudesign.com/wp-content/themes/clip/js/jquery.min.js:3:328)
[  184938ms] TypeError: Cannot read properties of undefined (reading 'addClass')
    at https://sankoudesign.com/wp-content/themes/clip/js/custom.js?ver=202604082310:419:23
    at dispatch (https://sankoudesign.com/wp-content/themes/clip/js/jquery.min.js:3:4351)
    at i (https://sankoudesign.com/wp-content/themes/clip/js/jquery.min.js:3:328)
[  184955ms] TypeError: Cannot read properties of undefined (reading 'addClass')
    at https://sankoudesign.com/wp-content/themes/clip/js/custom.js?ver=202604082310:419:23
    at dispatch (https://sankoudesign.com/wp-content/themes/clip/js/jquery.min.js:3:4351)
    at i (https://sankoudesign.com/wp-content/themes/clip/js/jquery.min.js:3:328)
[  185003ms] TypeError: Cannot read properties of undefined (reading 'addClass')
    at https://sankoudesign.com/wp-content/themes/clip/js/custom.js?ver=202604082310:419:23
    at dispatch (https://sankoudesign.com/wp-content/themes/clip/js/jquery.min.js:3:4351)
    at i (https://sankoudesign.com/wp-content/themes/clip/js/jquery.min.js:3:328)
[  185006ms] TypeError: Cannot read properties of undefined (reading 'addClass')
    at https://sankoudesign.com/wp-content/themes/clip/js/custom.js?ver=202604082310:419:23
    at dispatch (https://sankoudesign.com/wp-content/themes/clip/js/jquery.min.js:3:4351)
    at i (https://sankoudesign.com/wp-content/themes/clip/js/jquery.min.js:3:328)
[  185026ms] TypeError: Cannot read properties of undefined (reading 'addClass')
    at https://sankoudesign.com/wp-content/themes/clip/js/custom.js?ver=202604082310:419:23
    at dispatch (https://sankoudesign.com/wp-content/themes/clip/js/jquery.min.js:3:4351)
    at i (https://sankoudesign.com/wp-content/themes/clip/js/jquery.min.js:3:328)
[  185040ms] TypeError: Cannot read properties of undefined (reading 'addClass')
    at https://sankoudesign.com/wp-content/themes/clip/js/custom.js?ver=202604082310:419:23
    at dispatch (https://sankoudesign.com/wp-content/themes/clip/js/jquery.min.js:3:4351)
    at i (https://sankoudesign.com/wp-content/themes/clip/js/jquery.min.js:3:328)
[  185056ms] TypeError: Cannot read properties of undefined (reading 'addClass')
    at https://sankoudesign.com/wp-content/themes/clip/js/custom.js?ver=202604082310:419:23
    at dispatch (https://sankoudesign.com/wp-content/themes/clip/js/jquery.min.js:3:4351)
    at i (https://sankoudesign.com/wp-content/themes/clip/js/jquery.min.js:3:328)
[  185071ms] TypeError: Cannot read properties of undefined (reading 'addClass')
    at https://sankoudesign.com/wp-content/themes/clip/js/custom.js?ver=202604082310:419:23
    at dispatch (https://sankoudesign.com/wp-content/themes/clip/js/jquery.min.js:3:4351)
    at i (https://sankoudesign.com/wp-content/themes/clip/js/jquery.min.js:3:328)
[  185088ms] TypeError: Cannot read properties of undefined (reading 'addClass')
    at https://sankoudesign.com/wp-content/themes/clip/js/custom.js?ver=202604082310:419:23
    at dispatch (https://sankoudesign.com/wp-content/themes/clip/js/jquery.min.js:3:4351)
    at i (https://sankoudesign.com/wp-content/themes/clip/js/jquery.min.js:3:328)
[  185107ms] TypeError: Cannot read properties of undefined (reading 'addClass')
    at https://sankoudesign.com/wp-content/themes/clip/js/custom.js?ver=202604082310:419:23
    at dispatch (https://sankoudesign.com/wp-content/themes/clip/js/jquery.min.js:3:4351)
    at i (https://sankoudesign.com/wp-content/themes/clip/js/jquery.min.js:3:328)
[  166959ms] [ERROR] Attestation check for Shared Storage on https://www.googleadservices.com failed. @ https://www.googleadservices.com/pagead/managed/js/activeview/current/reach_worklet.html:0
[  166966ms] [ERROR] Attestation check for Shared Storage on https://www.googleadservices.com failed. @ https://www.googleadservices.com/pagead/managed/js/activeview/current/reach_worklet.html:0
[  185378ms] [ERROR] Attestation check for Shared Storage on https://www.googleadservices.com failed. @ https://www.googleadservices.com/pagead/managed/js/activeview/current/reach_worklet.html:0
[  185414ms] [ERROR] Attestation check for Attribution Reporting on https://ad.doubleclick.net failed. @ https://sankoudesign.com/:0
[  185433ms] [ERROR] Attestation check for Attribution Reporting on https://ad.doubleclick.net failed. @ https://sankoudesign.com/:0
[  166959ms] [ERROR] Attestation check for Shared Storage on https://www.googleadservices.com failed. @ https://www.googleadservices.com/pagead/managed/js/activeview/current/reach_worklet.html:0
[  166966ms] [ERROR] Attestation check for Shared Storage on https://www.googleadservices.com failed. @ https://www.googleadservices.com/pagead/managed/js/activeview/current/reach_worklet.html:0
[  185378ms] [ERROR] Attestation check for Shared Storage on https://www.googleadservices.com failed. @ https://www.googleadservices.com/pagead/managed/js/activeview/current/reach_worklet.html:0
[  185452ms] [ERROR] Attestation check for Shared Storage on https://www.googleadservices.com failed. @ https://www.googleadservices.com/pagead/managed/js/activeview/current/reach_worklet.html:0
[  185463ms] [ERROR] Failed to load resource: the server responded with a status of 400 (Bad Request) @ https://cksync.yahoo.co.jp/sspsync?ptr=12703&google_gid=CAESEFZHpJtQzK4CXycN91vfM5A&google_cver=1&google_push=AXcoOmR-SvX8hsx-4zBmJMVpB6poz7TcmBNZcT2ikx9r2CcBIutcZxzgx85WfeJxlPQiAdeZcJdb2ZxQEf8QOjUEioG1xDNhqxzbmA3jHwFC95l54C9pHfID3r9OLrX_EkTck69VFt01Do05PRxsKARbH5v8rYQ:0
[  185471ms] [ERROR] Attestation check for Attribution Reporting on https://ad.doubleclick.net failed. @ https://sankoudesign.com/:0
[  185473ms] [ERROR] Attestation check for Attribution Reporting on https://ad.doubleclick.net failed. @ https://sankoudesign.com/:0
[  185706ms] TypeError: Cannot read properties of undefined (reading 'addClass')
    at https://sankoudesign.com/wp-content/themes/clip/js/custom.js?ver=202604082310:419:23
    at dispatch (https://sankoudesign.com/wp-content/themes/clip/js/jquery.min.js:3:4351)
    at i (https://sankoudesign.com/wp-content/themes/clip/js/jquery.min.js:3:328)
[  185722ms] TypeError: Cannot read properties of undefined (reading 'addClass')
    at https://sankoudesign.com/wp-content/themes/clip/js/custom.js?ver=202604082310:419:23
    at dispatch (https://sankoudesign.com/wp-content/themes/clip/js/jquery.min.js:3:4351)
    at i (https://sankoudesign.com/wp-content/themes/clip/js/jquery.min.js:3:328)
[  185984ms] TypeError: Cannot read properties of undefined (reading 'addClass')
    at https://sankoudesign.com/wp-content/themes/clip/js/custom.js?ver=202604082310:419:23
    at dispatch (https://sankoudesign.com/wp-content/themes/clip/js/jquery.min.js:3:4351)
    at i (https://sankoudesign.com/wp-content/themes/clip/js/jquery.min.js:3:328)
[  186795ms] TypeError: Cannot read properties of undefined (reading 'addClass')
    at https://sankoudesign.com/wp-content/themes/clip/js/custom.js?ver=202604082310:419:23
    at dispatch (https://sankoudesign.com/wp-content/themes/clip/js/jquery.min.js:3:4351)
    at i (https://sankoudesign.com/wp-content/themes/clip/js/jquery.min.js:3:328)
[  186805ms] TypeError: Cannot read properties of undefined (reading 'addClass')
    at https://sankoudesign.com/wp-content/themes/clip/js/custom.js?ver=202604082310:419:23
    at dispatch (https://sankoudesign.com/wp-content/themes/clip/js/jquery.min.js:3:4351)
    at i (https://sankoudesign.com/wp-content/themes/clip/js/jquery.min.js:3:328)
[  186821ms] TypeError: Cannot read properties of undefined (reading 'addClass')
    at https://sankoudesign.com/wp-content/themes/clip/js/custom.js?ver=202604082310:419:23
    at dispatch (https://sankoudesign.com/wp-content/themes/clip/js/jquery.min.js:3:4351)
    at i (https://sankoudesign.com/wp-content/themes/clip/js/jquery.min.js:3:328)
[  186838ms] TypeError: Cannot read properties of undefined (reading 'addClass')
    at https://sankoudesign.com/wp-content/themes/clip/js/custom.js?ver=202604082310:419:23
    at dispatch (https://sankoudesign.com/wp-content/themes/clip/js/jquery.min.js:3:4351)
    at i (https://sankoudesign.com/wp-content/themes/clip/js/jquery.min.js:3:328)
[  186855ms] TypeError: Cannot read properties of undefined (reading 'addClass')
    at https://sankoudesign.com/wp-content/themes/clip/js/custom.js?ver=202604082310:419:23
    at dispatch (https://sankoudesign.com/wp-content/themes/clip/js/jquery.min.js:3:4351)
    at i (https://sankoudesign.com/wp-content/themes/clip/js/jquery.min.js:3:328)
[  186871ms] TypeError: Cannot read properties of undefined (reading 'addClass')
    at https://sankoudesign.com/wp-content/themes/clip/js/custom.js?ver=202604082310:419:23
    at dispatch (https://sankoudesign.com/wp-content/themes/clip/js/jquery.min.js:3:4351)
    at i (https://sankoudesign.com/wp-content/themes/clip/js/jquery.min.js:3:328)
[  186888ms] TypeError: Cannot read properties of undefined (reading 'addClass')
    at https://sankoudesign.com/wp-content/themes/clip/js/custom.js?ver=202604082310:419:23
    at dispatch (https://sankoudesign.com/wp-content/themes/clip/js/jquery.min.js:3:4351)
    at i (https://sankoudesign.com/wp-content/themes/clip/js/jquery.min.js:3:328)
[  186905ms] TypeError: Cannot read properties of undefined (reading 'addClass')
    at https://sankoudesign.com/wp-content/themes/clip/js/custom.js?ver=202604082310:419:23
    at dispatch (https://sankoudesign.com/wp-content/themes/clip/js/jquery.min.js:3:4351)
    at i (https://sankoudesign.com/wp-content/themes/clip/js/jquery.min.js:3:328)
[  186921ms] TypeError: Cannot read properties of undefined (reading 'addClass')
    at https://sankoudesign.com/wp-content/themes/clip/js/custom.js?ver=202604082310:419:23
    at dispatch (https://sankoudesign.com/wp-content/themes/clip/js/jquery.min.js:3:4351)
    at i (https://sankoudesign.com/wp-content/themes/clip/js/jquery.min.js:3:328)
[  186938ms] TypeError: Cannot read properties of undefined (reading 'addClass')
    at https://sankoudesign.com/wp-content/themes/clip/js/custom.js?ver=202604082310:419:23
    at dispatch (https://sankoudesign.com/wp-content/themes/clip/js/jquery.min.js:3:4351)
    at i (https://sankoudesign.com/wp-content/themes/clip/js/jquery.min.js:3:328)
[  186954ms] TypeError: Cannot read properties of undefined (reading 'addClass')
    at https://sankoudesign.com/wp-content/themes/clip/js/custom.js?ver=202604082310:419:23
    at dispatch (https://sankoudesign.com/wp-content/themes/clip/js/jquery.min.js:3:4351)
    at i (https://sankoudesign.com/wp-content/themes/clip/js/jquery.min.js:3:328)
[  186971ms] TypeError: Cannot read properties of undefined (reading 'addClass')
    at https://sankoudesign.com/wp-content/themes/clip/js/custom.js?ver=202604082310:419:23
    at dispatch (https://sankoudesign.com/wp-content/themes/clip/js/jquery.min.js:3:4351)
    at i (https://sankoudesign.com/wp-content/themes/clip/js/jquery.min.js:3:328)
[  186988ms] TypeError: Cannot read properties of undefined (reading 'addClass')
    at https://sankoudesign.com/wp-content/themes/clip/js/custom.js?ver=202604082310:419:23
    at dispatch (https://sankoudesign.com/wp-content/themes/clip/js/jquery.min.js:3:4351)
    at i (https://sankoudesign.com/wp-content/themes/clip/js/jquery.min.js:3:328)
[  187005ms] TypeError: Cannot read properties of undefined (reading 'addClass')
    at https://sankoudesign.com/wp-content/themes/clip/js/custom.js?ver=202604082310:419:23
    at dispatch (https://sankoudesign.com/wp-content/themes/clip/js/jquery.min.js:3:4351)
    at i (https://sankoudesign.com/wp-content/themes/clip/js/jquery.min.js:3:328)
[  187021ms] TypeError: Cannot read properties of undefined (reading 'addClass')
    at https://sankoudesign.com/wp-content/themes/clip/js/custom.js?ver=202604082310:419:23
    at dispatch (https://sankoudesign.com/wp-content/themes/clip/js/jquery.min.js:3:4351)
    at i (https://sankoudesign.com/wp-content/themes/clip/js/jquery.min.js:3:328)
[  187038ms] TypeError: Cannot read properties of undefined (reading 'addClass')
    at https://sankoudesign.com/wp-content/themes/clip/js/custom.js?ver=202604082310:419:23
    at dispatch (https://sankoudesign.com/wp-content/themes/clip/js/jquery.min.js:3:4351)
    at i (https://sankoudesign.com/wp-content/themes/clip/js/jquery.min.js:3:328)
[  187055ms] TypeError: Cannot read properties of undefined (reading 'addClass')
    at https://sankoudesign.com/wp-content/themes/clip/js/custom.js?ver=202604082310:419:23
    at dispatch (https://sankoudesign.com/wp-content/themes/clip/js/jquery.min.js:3:4351)
    at i (https://sankoudesign.com/wp-content/themes/clip/js/jquery.min.js:3:328)
[  187071ms] TypeError: Cannot read properties of undefined (reading 'addClass')
    at https://sankoudesign.com/wp-content/themes/clip/js/custom.js?ver=202604082310:419:23
    at dispatch (https://sankoudesign.com/wp-content/themes/clip/js/jquery.min.js:3:4351)
    at i (https://sankoudesign.com/wp-content/themes/clip/js/jquery.min.js:3:328)
[  187445ms] TypeError: Cannot read properties of undefined (reading 'addClass')
    at https://sankoudesign.com/wp-content/themes/clip/js/custom.js?ver=202604082310:419:23
    at dispatch (https://sankoudesign.com/wp-content/themes/clip/js/jquery.min.js:3:4351)
    at i (https://sankoudesign.com/wp-content/themes/clip/js/jquery.min.js:3:328)
[  187454ms] TypeError: Cannot read properties of undefined (reading 'addClass')
    at https://sankoudesign.com/wp-content/themes/clip/js/custom.js?ver=202604082310:419:23
    at dispatch (https://sankoudesign.com/wp-content/themes/clip/js/jquery.min.js:3:4351)
    at i (https://sankoudesign.com/wp-content/themes/clip/js/jquery.min.js:3:328)
[  187471ms] TypeError: Cannot read properties of undefined (reading 'addClass')
    at https://sankoudesign.com/wp-content/themes/clip/js/custom.js?ver=202604082310:419:23
    at dispatch (https://sankoudesign.com/wp-content/themes/clip/js/jquery.min.js:3:4351)
    at i (https://sankoudesign.com/wp-content/themes/clip/js/jquery.min.js:3:328)
[  187488ms] TypeError: Cannot read properties of undefined (reading 'addClass')
    at https://sankoudesign.com/wp-content/themes/clip/js/custom.js?ver=202604082310:419:23
    at dispatch (https://sankoudesign.com/wp-content/themes/clip/js/jquery.min.js:3:4351)
    at i (https://sankoudesign.com/wp-content/themes/clip/js/jquery.min.js:3:328)
[  187505ms] TypeError: Cannot read properties of undefined (reading 'addClass')
    at https://sankoudesign.com/wp-content/themes/clip/js/custom.js?ver=202604082310:419:23
    at dispatch (https://sankoudesign.com/wp-content/themes/clip/js/jquery.min.js:3:4351)
    at i (https://sankoudesign.com/wp-content/themes/clip/js/jquery.min.js:3:328)
[  187572ms] TypeError: Cannot read properties of undefined (reading 'addClass')
    at https://sankoudesign.com/wp-content/themes/clip/js/custom.js?ver=202604082310:419:23
    at dispatch (https://sankoudesign.com/wp-content/themes/clip/js/jquery.min.js:3:4351)
    at i (https://sankoudesign.com/wp-content/themes/clip/js/jquery.min.js:3:328)
[  187588ms] TypeError: Cannot read properties of undefined (reading 'addClass')
    at https://sankoudesign.com/wp-content/themes/clip/js/custom.js?ver=202604082310:419:23
    at dispatch (https://sankoudesign.com/wp-content/themes/clip/js/jquery.min.js:3:4351)
    at i (https://sankoudesign.com/wp-content/themes/clip/js/jquery.min.js:3:328)
[  187605ms] TypeError: Cannot read properties of undefined (reading 'addClass')
    at https://sankoudesign.com/wp-content/themes/clip/js/custom.js?ver=202604082310:419:23
    at dispatch (https://sankoudesign.com/wp-content/themes/clip/js/jquery.min.js:3:4351)
    at i (https://sankoudesign.com/wp-content/themes/clip/js/jquery.min.js:3:328)
[  187622ms] TypeError: Cannot read properties of undefined (reading 'addClass')
    at https://sankoudesign.com/wp-content/themes/clip/js/custom.js?ver=202604082310:419:23
    at dispatch (https://sankoudesign.com/wp-content/themes/clip/js/jquery.min.js:3:4351)
    at i (https://sankoudesign.com/wp-content/themes/clip/js/jquery.min.js:3:328)
[  187639ms] TypeError: Cannot read properties of undefined (reading 'addClass')
    at https://sankoudesign.com/wp-content/themes/clip/js/custom.js?ver=202604082310:419:23
    at dispatch (https://sankoudesign.com/wp-content/themes/clip/js/jquery.min.js:3:4351)
    at i (https://sankoudesign.com/wp-content/themes/clip/js/jquery.min.js:3:328)
[  187688ms] TypeError: Cannot read properties of undefined (reading 'addClass')
    at https://sankoudesign.com/wp-content/themes/clip/js/custom.js?ver=202604082310:419:23
    at dispatch (https://sankoudesign.com/wp-content/themes/clip/js/jquery.min.js:3:4351)
    at i (https://sankoudesign.com/wp-content/themes/clip/js/jquery.min.js:3:328)
[  187705ms] TypeError: Cannot read properties of undefined (reading 'addClass')
    at https://sankoudesign.com/wp-content/themes/clip/js/custom.js?ver=202604082310:419:23
    at dispatch (https://sankoudesign.com/wp-content/themes/clip/js/jquery.min.js:3:4351)
    at i (https://sankoudesign.com/wp-content/themes/clip/js/jquery.min.js:3:328)
[  187721ms] TypeError: Cannot read properties of undefined (reading 'addClass')
    at https://sankoudesign.com/wp-content/themes/clip/js/custom.js?ver=202604082310:419:23
    at dispatch (https://sankoudesign.com/wp-content/themes/clip/js/jquery.min.js:3:4351)
    at i (https://sankoudesign.com/wp-content/themes/clip/js/jquery.min.js:3:328)
[  187755ms] TypeError: Cannot read properties of undefined (reading 'addClass')
    at https://sankoudesign.com/wp-content/themes/clip/js/custom.js?ver=202604082310:419:23
    at dispatch (https://sankoudesign.com/wp-content/themes/clip/js/jquery.min.js:3:4351)
    at i (https://sankoudesign.com/wp-content/themes/clip/js/jquery.min.js:3:328)
[  187772ms] TypeError: Cannot read properties of undefined (reading 'addClass')
    at https://sankoudesign.com/wp-content/themes/clip/js/custom.js?ver=202604082310:419:23
    at dispatch (https://sankoudesign.com/wp-content/themes/clip/js/jquery.min.js:3:4351)
    at i (https://sankoudesign.com/wp-content/themes/clip/js/jquery.min.js:3:328)
[  187788ms] TypeError: Cannot read properties of undefined (reading 'addClass')
    at https://sankoudesign.com/wp-content/themes/clip/js/custom.js?ver=202604082310:419:23
    at dispatch (https://sankoudesign.com/wp-content/themes/clip/js/jquery.min.js:3:4351)
    at i (https://sankoudesign.com/wp-content/themes/clip/js/jquery.min.js:3:328)
[  187804ms] TypeError: Cannot read properties of undefined (reading 'addClass')
    at https://sankoudesign.com/wp-content/themes/clip/js/custom.js?ver=202604082310:419:23
    at dispatch (https://sankoudesign.com/wp-content/themes/clip/js/jquery.min.js:3:4351)
    at i (https://sankoudesign.com/wp-content/themes/clip/js/jquery.min.js:3:328)
[  187822ms] TypeError: Cannot read properties of undefined (reading 'addClass')
    at https://sankoudesign.com/wp-content/themes/clip/js/custom.js?ver=202604082310:419:23
    at dispatch (https://sankoudesign.com/wp-content/themes/clip/js/jquery.min.js:3:4351)
    at i (https://sankoudesign.com/wp-content/themes/clip/js/jquery.min.js:3:328)
[  187839ms] TypeError: Cannot read properties of undefined (reading 'addClass')
    at https://sankoudesign.com/wp-content/themes/clip/js/custom.js?ver=202604082310:419:23
    at dispatch (https://sankoudesign.com/wp-content/themes/clip/js/jquery.min.js:3:4351)
    at i (https://sankoudesign.com/wp-content/themes/clip/js/jquery.min.js:3:328)
[  187855ms] TypeError: Cannot read properties of undefined (reading 'addClass')
    at https://sankoudesign.com/wp-content/themes/clip/js/custom.js?ver=202604082310:419:23
    at dispatch (https://sankoudesign.com/wp-content/themes/clip/js/jquery.min.js:3:4351)
    at i (https://sankoudesign.com/wp-content/themes/clip/js/jquery.min.js:3:328)
[  188631ms] TypeError: Cannot read properties of undefined (reading 'addClass')
    at https://sankoudesign.com/wp-content/themes/clip/js/custom.js?ver=202604082310:419:23
    at dispatch (https://sankoudesign.com/wp-content/themes/clip/js/jquery.min.js:3:4351)
    at i (https://sankoudesign.com/wp-content/themes/clip/js/jquery.min.js:3:328)
[  188638ms] TypeError: Cannot read properties of undefined (reading 'addClass')
    at https://sankoudesign.com/wp-content/themes/clip/js/custom.js?ver=202604082310:419:23
    at dispatch (https://sankoudesign.com/wp-content/themes/clip/js/jquery.min.js:3:4351)
    at i (https://sankoudesign.com/wp-content/themes/clip/js/jquery.min.js:3:328)
[  188655ms] TypeError: Cannot read properties of undefined (reading 'addClass')
    at https://sankoudesign.com/wp-content/themes/clip/js/custom.js?ver=202604082310:419:23
    at dispatch (https://sankoudesign.com/wp-content/themes/clip/js/jquery.min.js:3:4351)
    at i (https://sankoudesign.com/wp-content/themes/clip/js/jquery.min.js:3:328)
[  188671ms] TypeError: Cannot read properties of undefined (reading 'addClass')
    at https://sankoudesign.com/wp-content/themes/clip/js/custom.js?ver=202604082310:419:23
    at dispatch (https://sankoudesign.com/wp-content/themes/clip/js/jquery.min.js:3:4351)
    at i (https://sankoudesign.com/wp-content/themes/clip/js/jquery.min.js:3:328)
[  188688ms] TypeError: Cannot read properties of undefined (reading 'addClass')
    at https://sankoudesign.com/wp-content/themes/clip/js/custom.js?ver=202604082310:419:23
    at dispatch (https://sankoudesign.com/wp-content/themes/clip/js/jquery.min.js:3:4351)
    at i (https://sankoudesign.com/wp-content/themes/clip/js/jquery.min.js:3:328)
[  188705ms] TypeError: Cannot read properties of undefined (reading 'addClass')
    at https://sankoudesign.com/wp-content/themes/clip/js/custom.js?ver=202604082310:419:23
    at dispatch (https://sankoudesign.com/wp-content/themes/clip/js/jquery.min.js:3:4351)
    at i (https://sankoudesign.com/wp-content/themes/clip/js/jquery.min.js:3:328)
[  188721ms] TypeError: Cannot read properties of undefined (reading 'addClass')
    at https://sankoudesign.com/wp-content/themes/clip/js/custom.js?ver=202604082310:419:23
    at dispatch (https://sankoudesign.com/wp-content/themes/clip/js/jquery.min.js:3:4351)
    at i (https://sankoudesign.com/wp-content/themes/clip/js/jquery.min.js:3:328)
[  188738ms] TypeError: Cannot read properties of undefined (reading 'addClass')
    at https://sankoudesign.com/wp-content/themes/clip/js/custom.js?ver=202604082310:419:23
    at dispatch (https://sankoudesign.com/wp-content/themes/clip/js/jquery.min.js:3:4351)
    at i (https://sankoudesign.com/wp-content/themes/clip/js/jquery.min.js:3:328)
[  188755ms] TypeError: Cannot read properties of undefined (reading 'addClass')
    at https://sankoudesign.com/wp-content/themes/clip/js/custom.js?ver=202604082310:419:23
    at dispatch (https://sankoudesign.com/wp-content/themes/clip/js/jquery.min.js:3:4351)
    at i (https://sankoudesign.com/wp-content/themes/clip/js/jquery.min.js:3:328)
[  188771ms] TypeError: Cannot read properties of undefined (reading 'addClass')
    at https://sankoudesign.com/wp-content/themes/clip/js/custom.js?ver=202604082310:419:23
    at dispatch (https://sankoudesign.com/wp-content/themes/clip/js/jquery.min.js:3:4351)
    at i (https://sankoudesign.com/wp-content/themes/clip/js/jquery.min.js:3:328)
[  188788ms] TypeError: Cannot read properties of undefined (reading 'addClass')
    at https://sankoudesign.com/wp-content/themes/clip/js/custom.js?ver=202604082310:419:23
    at dispatch (https://sankoudesign.com/wp-content/themes/clip/js/jquery.min.js:3:4351)
    at i (https://sankoudesign.com/wp-content/themes/clip/js/jquery.min.js:3:328)
[  188805ms] TypeError: Cannot read properties of undefined (reading 'addClass')
    at https://sankoudesign.com/wp-content/themes/clip/js/custom.js?ver=202604082310:419:23
    at dispatch (https://sankoudesign.com/wp-content/themes/clip/js/jquery.min.js:3:4351)
    at i (https://sankoudesign.com/wp-content/themes/clip/js/jquery.min.js:3:328)
[  188821ms] TypeError: Cannot read properties of undefined (reading 'addClass')
    at https://sankoudesign.com/wp-content/themes/clip/js/custom.js?ver=202604082310:419:23
    at dispatch (https://sankoudesign.com/wp-content/themes/clip/js/jquery.min.js:3:4351)
    at i (https://sankoudesign.com/wp-content/themes/clip/js/jquery.min.js:3:328)
[  188838ms] TypeError: Cannot read properties of undefined (reading 'addClass')
    at https://sankoudesign.com/wp-content/themes/clip/js/custom.js?ver=202604082310:419:23
    at dispatch (https://sankoudesign.com/wp-content/themes/clip/js/jquery.min.js:3:4351)
    at i (https://sankoudesign.com/wp-content/themes/clip/js/jquery.min.js:3:328)
[  188871ms] TypeError: Cannot read properties of undefined (reading 'addClass')
    at https://sankoudesign.com/wp-content/themes/clip/js/custom.js?ver=202604082310:419:23
    at dispatch (https://sankoudesign.com/wp-content/themes/clip/js/jquery.min.js:3:4351)
    at i (https://sankoudesign.com/wp-content/themes/clip/js/jquery.min.js:3:328)
[  188888ms] TypeError: Cannot read properties of undefined (reading 'addClass')
    at https://sankoudesign.com/wp-content/themes/clip/js/custom.js?ver=202604082310:419:23
    at dispatch (https://sankoudesign.com/wp-content/themes/clip/js/jquery.min.js:3:4351)
    at i (https://sankoudesign.com/wp-content/themes/clip/js/jquery.min.js:3:328)
[  338623ms] [ERROR] Failed to load resource: net::ERR_CERT_DATE_INVALID @ https://cm-mx.advolve.io/pixel?google_gid=CAESEK07CYnMg5qydd3fkWCZ8LM&google_cver=1&google_push=AXcoOmTiV9zdKnPV1yUkdt9qmdLRYMsK6Rv99Gq5pBr3H9_o0S9Qec8VUKpTV7ASuK7MNqOmYbKbfsSQW0tunDgtSwjh9ecOkWAQyI-y1uIsNm6JQwKOJC_ED8Tm5iNGTUxUd6s5gE3ToDS6n5c_S7aLJSGZPNI:0
